$ python3 gpc_train_sintel.py --bin_path ./gpc_train --dataset_path ../../MPI-Sintel-complete/training/final/ --gt_path ../../MPI-Sintel-complete/training/flow/


$ time ./gpc_train --descriptor-type=0 --print-progress=0  ../../MPI-Sintel-small/training/final/alley_1/frame_0001.png  ../../MPI-Sintel-small/training/final/alley_1/frame_0002.png  ../../MPI-Sintel-small/training/flow/alley_1/frame_0001.flo  ../../MPI-Sintel-small/training/final/alley_1/frame_0003.png  ../../MPI-Sintel-small/training/final/alley_1/frame_0004.png  ../../MPI-Sintel-small/training/flow/alley_1/frame_0003.flo  ../../MPI-Sintel-small/training/final/alley_1/frame_0005.png  ../../MPI-Sintel-small/training/final/alley_1/frame_0006.png  ../../MPI-Sintel-small/training/flow/alley_1/frame_0005.flo  ../../MPI-Sintel-small/training/final/alley_1/frame_0007.png  ../../MPI-Sintel-small/training/final/alley_1/frame_0008.png  ../../MPI-Sintel-small/training/flow/alley_1/frame_0007.flo  ../../MPI-Sintel-small/training/final/alley_1/frame_0009.png  ../../MPI-Sintel-small/training/final/alley_1/frame_0010.png  ../../MPI-Sintel-small/training/flow/alley_1/frame_0009.flo  ../../MPI-Sintel-small/training/final/alley_1/frame_0011.png  ../../MPI-Sintel-small/training/final/alley_1/frame_0012.png  ../../MPI-Sintel-small/training/flow/alley_1/frame_0011.flo  ../../MPI-Sintel-small/training/final/alley_1/frame_0013.png  ../../MPI-Sintel-small/training/final/alley_1/frame_0014.png  ../../MPI-Sintel-small/training/flow/alley_1/frame_0013.flo  ../../MPI-Sintel-small/training/final/alley_1/frame_0015.png  ../../MPI-Sintel-small/training/final/alley_1/frame_0016.png  ../../MPI-Sintel-small/training/flow/alley_1/frame_0015.flo  ../../MPI-Sintel-small/training/final/alley_1/frame_0017.png  ../../MPI-Sintel-small/training/final/alley_1/frame_0018.png  ../../MPI-Sintel-small/training/flow/alley_1/frame_0017.flo  ../../MPI-Sintel-small/training/final/alley_1/frame_0019.png  ../../MPI-Sintel-small/training/final/alley_1/frame_0020.png  ../../MPI-Sintel-small/training/flow/alley_1/frame_0019.flo  ../../MPI-Sintel-small/training/final/alley_1/frame_0021.png  ../../MPI-Sintel-small/training/final/alley_1/frame_0022.png  ../../MPI-Sintel-small/training/flow/alley_1/frame_0021.flo  ../../MPI-Sintel-small/training/final/alley_1/frame_0023.png  ../../MPI-Sintel-small/training/final/alley_1/frame_0024.png  ../../MPI-Sintel-small/training/flow/alley_1/frame_0023.flo  ../../MPI-Sintel-small/training/final/alley_1/frame_0025.png  ../../MPI-Sintel-small/training/final/alley_1/frame_0026.png  ../../MPI-Sintel-small/training/flow/alley_1/frame_0025.flo  ../../MPI-Sintel-small/training/final/alley_1/frame_0027.png  ../../MPI-Sintel-small/training/final/alley_1/frame_0028.png  ../../MPI-Sintel-small/training/flow/alley_1/frame_0027.flo  ../../MPI-Sintel-small/training/final/alley_1/frame_0029.png  ../../MPI-Sintel-small/training/final/alley_1/frame_0030.png  ../../MPI-Sintel-small/training/flow/alley_1/frame_0029.flo  ../../MPI-Sintel-small/training/final/alley_1/frame_0031.png  ../../MPI-Sintel-small/training/final/alley_1/frame_0032.png  ../../MPI-Sintel-small/training/flow/alley_1/frame_0031.flo  ../../MPI-Sintel-small/training/final/alley_1/frame_0033.png  ../../MPI-Sintel-small/training/final/alley_1/frame_0034.png  ../../MPI-Sintel-small/training/flow/alley_1/frame_0033.flo  ../../MPI-Sintel-small/training/final/alley_1/frame_0035.png  ../../MPI-Sintel-small/training/final/alley_1/frame_0036.png  ../../MPI-Sintel-small/training/flow/alley_1/frame_0035.flo  ../../MPI-Sintel-small/training/final/alley_1/frame_0037.png  ../../MPI-Sintel-small/training/final/alley_1/frame_0038.png  ../../MPI-Sintel-small/training/flow/alley_1/frame_0037.flo  ../../MPI-Sintel-small/training/final/alley_1/frame_0039.png  ../../MPI-Sintel-small/training/final/alley_1/frame_0040.png  ../../MPI-Sintel-small/training/flow/alley_1/frame_0039.flo  ../../MPI-Sintel-small/training/final/alley_1/frame_0041.png  ../../MPI-Sintel-small/training/final/alley_1/frame_0042.png  ../../MPI-Sintel-small/training/flow/alley_1/frame_0041.flo  ../../MPI-Sintel-small/training/final/alley_1/frame_0043.png  ../../MPI-Sintel-small/training/final/alley_1/frame_0044.png  ../../MPI-Sintel-small/training/flow/alley_1/frame_0043.flo  ../../MPI-Sintel-small/training/final/alley_1/frame_0045.png  ../../MPI-Sintel-small/training/final/alley_1/frame_0046.png  ../../MPI-Sintel-small/training/flow/alley_1/frame_0045.flo  ../../MPI-Sintel-small/training/final/alley_1/frame_0047.png  ../../MPI-Sintel-small/training/final/alley_1/frame_0048.png  ../../MPI-Sintel-small/training/flow/alley_1/frame_0047.flo  ../../MPI-Sintel-small/training/final/alley_1/frame_0049.png  ../../MPI-Sintel-small/training/final/alley_1/frame_0050.png  ../../MPI-Sintel-small/training/flow/alley_1/frame_0049.flo

real	133m55.532s
user	159m20.359s
sys	1m9.357s


$ ls
total 1043552
      8 Makefile			     16 gpc_evaluate.cpp		     96 motempl*			     32 optical_flow_evaluation.cpp
     64 dis_opticalflow*		    104 gpc_train*			     16 motempl.cpp			    176 pcaflow_demo*
      8 dis_opticalflow.cpp		      8 gpc_train.cpp			      8 motempl.py			     16 pcaflow_demo.cpp
1042440 forest.yml.gz			      8 gpc_train_middlebury.py		     24 optical_flow_benchmark.py	     56 simpleflow_demo*
    264 gpc_evaluate*			      8 gpc_train_sintel.py		    184 optical_flow_evaluation*	     16 simpleflow_demo.cpp


$ time gpc_evaluate  ../../MPI-Sintel-complete/training/final/alley_2/frame_0001.png ../../MPI-Sintel-complete/training/final/alley_2/frame_0002.png ../../MPI-Sintel-complete/training/flow/alley_2/frame_0001.flo
Found 49953 matches from sz: 436x1024
Time:  5.30249 sec.
Average endpoint error: 0.525804 px.


$ nohup ./gpc_train --descriptor-type=0   ../../MPI-Sintel-complete/training/final/alley_1/frame_0001.png  ../../MPI-Sintel-complete/training/final/alley_1/frame_0002.png  ../../MPI-Sintel-complete/training/flow/alley_1/frame_0001.flo  ../../MPI-Sintel-complete/training/final/alley_1/frame_0021.png  ../../MPI-Sintel-complete/training/final/alley_1/frame_0022.png  ../../MPI-Sintel-complete/training/flow/alley_1/frame_0021.flo  ../../MPI-Sintel-complete/training/final/alley_1/frame_0041.png  ../../MPI-Sintel-complete/training/final/alley_1/frame_0042.png  ../../MPI-Sintel-complete/training/flow/alley_1/frame_0041.flo  ../../MPI-Sintel-complete/training/final/alley_2/frame_0001.png  ../../MPI-Sintel-complete/training/final/alley_2/frame_0002.png  ../../MPI-Sintel-complete/training/flow/alley_2/frame_0001.flo  ../../MPI-Sintel-complete/training/final/alley_2/frame_0021.png  ../../MPI-Sintel-complete/training/final/alley_2/frame_0022.png  ../../MPI-Sintel-complete/training/flow/alley_2/frame_0021.flo  ../../MPI-Sintel-complete/training/final/alley_2/frame_0041.png  ../../MPI-Sintel-complete/training/final/alley_2/frame_0042.png  ../../MPI-Sintel-complete/training/flow/alley_2/frame_0041.flo  ../../MPI-Sintel-complete/training/final/ambush_2/frame_0001.png  ../../MPI-Sintel-complete/training/final/ambush_2/frame_0002.png  ../../MPI-Sintel-complete/training/flow/ambush_2/frame_0001.flo  ../../MPI-Sintel-complete/training/final/ambush_4/frame_0001.png  ../../MPI-Sintel-complete/training/final/ambush_4/frame_0002.png  ../../MPI-Sintel-complete/training/flow/ambush_4/frame_0001.flo  ../../MPI-Sintel-complete/training/final/ambush_4/frame_0021.png  ../../MPI-Sintel-complete/training/final/ambush_4/frame_0022.png  ../../MPI-Sintel-complete/training/flow/ambush_4/frame_0021.flo  ../../MPI-Sintel-complete/training/final/ambush_5/frame_0001.png  ../../MPI-Sintel-complete/training/final/ambush_5/frame_0002.png  ../../MPI-Sintel-complete/training/flow/ambush_5/frame_0001.flo  ../../MPI-Sintel-complete/training/final/ambush_5/frame_0021.png  ../../MPI-Sintel-complete/training/final/ambush_5/frame_0022.png  ../../MPI-Sintel-complete/training/flow/ambush_5/frame_0021.flo  ../../MPI-Sintel-complete/training/final/ambush_5/frame_0041.png  ../../MPI-Sintel-complete/training/final/ambush_5/frame_0042.png  ../../MPI-Sintel-complete/training/flow/ambush_5/frame_0041.flo  ../../MPI-Sintel-complete/training/final/ambush_6/frame_0001.png  ../../MPI-Sintel-complete/training/final/ambush_6/frame_0002.png  ../../MPI-Sintel-complete/training/flow/ambush_6/frame_0001.flo  ../../MPI-Sintel-complete/training/final/ambush_7/frame_0001.png  ../../MPI-Sintel-complete/training/final/ambush_7/frame_0002.png  ../../MPI-Sintel-complete/training/flow/ambush_7/frame_0001.flo  ../../MPI-Sintel-complete/training/final/ambush_7/frame_0021.png  ../../MPI-Sintel-complete/training/final/ambush_7/frame_0022.png  ../../MPI-Sintel-complete/training/flow/ambush_7/frame_0021.flo  ../../MPI-Sintel-complete/training/final/ambush_7/frame_0041.png  ../../MPI-Sintel-complete/training/final/ambush_7/frame_0042.png  ../../MPI-Sintel-complete/training/flow/ambush_7/frame_0041.flo  ../../MPI-Sintel-complete/training/final/bamboo_1/frame_0001.png  ../../MPI-Sintel-complete/training/final/bamboo_1/frame_0002.png  ../../MPI-Sintel-complete/training/flow/bamboo_1/frame_0001.flo  ../../MPI-Sintel-complete/training/final/bamboo_1/frame_0021.png  ../../MPI-Sintel-complete/training/final/bamboo_1/frame_0022.png  ../../MPI-Sintel-complete/training/flow/bamboo_1/frame_0021.flo  ../../MPI-Sintel-complete/training/final/bamboo_1/frame_0041.png  ../../MPI-Sintel-complete/training/final/bamboo_1/frame_0042.png  ../../MPI-Sintel-complete/training/flow/bamboo_1/frame_0041.flo  ../../MPI-Sintel-complete/training/final/bamboo_2/frame_0001.png  ../../MPI-Sintel-complete/training/final/bamboo_2/frame_0002.png  ../../MPI-Sintel-complete/training/flow/bamboo_2/frame_0001.flo  ../../MPI-Sintel-complete/training/final/bamboo_2/frame_0021.png  ../../MPI-Sintel-complete/training/final/bamboo_2/frame_0022.png  ../../MPI-Sintel-complete/training/flow/bamboo_2/frame_0021.flo  ../../MPI-Sintel-complete/training/final/bamboo_2/frame_0041.png  ../../MPI-Sintel-complete/training/final/bamboo_2/frame_0042.png  ../../MPI-Sintel-complete/training/flow/bamboo_2/frame_0041.flo  ../../MPI-Sintel-complete/training/final/bandage_1/frame_0001.png  ../../MPI-Sintel-complete/training/final/bandage_1/frame_0002.png  ../../MPI-Sintel-complete/training/flow/bandage_1/frame_0001.flo  ../../MPI-Sintel-complete/training/final/bandage_1/frame_0021.png  ../../MPI-Sintel-complete/training/final/bandage_1/frame_0022.png  ../../MPI-Sintel-complete/training/flow/bandage_1/frame_0021.flo  ../../MPI-Sintel-complete/training/final/bandage_1/frame_0041.png  ../../MPI-Sintel-complete/training/final/bandage_1/frame_0042.png  ../../MPI-Sintel-complete/training/flow/bandage_1/frame_0041.flo  ../../MPI-Sintel-complete/training/final/bandage_2/frame_0001.png  ../../MPI-Sintel-complete/training/final/bandage_2/frame_0002.png  ../../MPI-Sintel-complete/training/flow/bandage_2/frame_0001.flo  ../../MPI-Sintel-complete/training/final/bandage_2/frame_0021.png  ../../MPI-Sintel-complete/training/final/bandage_2/frame_0022.png  ../../MPI-Sintel-complete/training/flow/bandage_2/frame_0021.flo  ../../MPI-Sintel-complete/training/final/bandage_2/frame_0041.png  ../../MPI-Sintel-complete/training/final/bandage_2/frame_0042.png  ../../MPI-Sintel-complete/training/flow/bandage_2/frame_0041.flo  ../../MPI-Sintel-complete/training/final/cave_2/frame_0001.png  ../../MPI-Sintel-complete/training/final/cave_2/frame_0002.png  ../../MPI-Sintel-complete/training/flow/cave_2/frame_0001.flo  ../../MPI-Sintel-complete/training/final/cave_2/frame_0021.png  ../../MPI-Sintel-complete/training/final/cave_2/frame_0022.png  ../../MPI-Sintel-complete/training/flow/cave_2/frame_0021.flo  ../../MPI-Sintel-complete/training/final/cave_2/frame_0041.png  ../../MPI-Sintel-complete/training/final/cave_2/frame_0042.png  ../../MPI-Sintel-complete/training/flow/cave_2/frame_0041.flo  ../../MPI-Sintel-complete/training/final/cave_4/frame_0001.png  ../../MPI-Sintel-complete/training/final/cave_4/frame_0002.png  ../../MPI-Sintel-complete/training/flow/cave_4/frame_0001.flo  ../../MPI-Sintel-complete/training/final/cave_4/frame_0021.png  ../../MPI-Sintel-complete/training/final/cave_4/frame_0022.png  ../../MPI-Sintel-complete/training/flow/cave_4/frame_0021.flo  ../../MPI-Sintel-complete/training/final/cave_4/frame_0041.png  ../../MPI-Sintel-complete/training/final/cave_4/frame_0042.png  ../../MPI-Sintel-complete/training/flow/cave_4/frame_0041.flo  ../../MPI-Sintel-complete/training/final/market_2/frame_0001.png  ../../MPI-Sintel-complete/training/final/market_2/frame_0002.png  ../../MPI-Sintel-complete/training/flow/market_2/frame_0001.flo  ../../MPI-Sintel-complete/training/final/market_2/frame_0021.png  ../../MPI-Sintel-complete/training/final/market_2/frame_0022.png  ../../MPI-Sintel-complete/training/flow/market_2/frame_0021.flo  ../../MPI-Sintel-complete/training/final/market_2/frame_0041.png  ../../MPI-Sintel-complete/training/final/market_2/frame_0042.png  ../../MPI-Sintel-complete/training/flow/market_2/frame_0041.flo  ../../MPI-Sintel-complete/training/final/market_5/frame_0001.png  ../../MPI-Sintel-complete/training/final/market_5/frame_0002.png  ../../MPI-Sintel-complete/training/flow/market_5/frame_0001.flo  ../../MPI-Sintel-complete/training/final/market_5/frame_0021.png  ../../MPI-Sintel-complete/training/final/market_5/frame_0022.png  ../../MPI-Sintel-complete/training/flow/market_5/frame_0021.flo  ../../MPI-Sintel-complete/training/final/market_5/frame_0041.png  ../../MPI-Sintel-complete/training/final/market_5/frame_0042.png  ../../MPI-Sintel-complete/training/flow/market_5/frame_0041.flo  ../../MPI-Sintel-complete/training/final/market_6/frame_0001.png  ../../MPI-Sintel-complete/training/final/market_6/frame_0002.png  ../../MPI-Sintel-complete/training/flow/market_6/frame_0001.flo  ../../MPI-Sintel-complete/training/final/market_6/frame_0021.png  ../../MPI-Sintel-complete/training/final/market_6/frame_0022.png  ../../MPI-Sintel-complete/training/flow/market_6/frame_0021.flo  ../../MPI-Sintel-complete/training/final/mountain_1/frame_0001.png  ../../MPI-Sintel-complete/training/final/mountain_1/frame_0002.png  ../../MPI-Sintel-complete/training/flow/mountain_1/frame_0001.flo  ../../MPI-Sintel-complete/training/final/mountain_1/frame_0021.png  ../../MPI-Sintel-complete/training/final/mountain_1/frame_0022.png  ../../MPI-Sintel-complete/training/flow/mountain_1/frame_0021.flo  ../../MPI-Sintel-complete/training/final/mountain_1/frame_0041.png  ../../MPI-Sintel-complete/training/final/mountain_1/frame_0042.png  ../../MPI-Sintel-complete/training/flow/mountain_1/frame_0041.flo  ../../MPI-Sintel-complete/training/final/shaman_2/frame_0001.png  ../../MPI-Sintel-complete/training/final/shaman_2/frame_0002.png  ../../MPI-Sintel-complete/training/flow/shaman_2/frame_0001.flo  ../../MPI-Sintel-complete/training/final/shaman_2/frame_0021.png  ../../MPI-Sintel-complete/training/final/shaman_2/frame_0022.png  ../../MPI-Sintel-complete/training/flow/shaman_2/frame_0021.flo  ../../MPI-Sintel-complete/training/final/shaman_2/frame_0041.png  ../../MPI-Sintel-complete/training/final/shaman_2/frame_0042.png  ../../MPI-Sintel-complete/training/flow/shaman_2/frame_0041.flo  ../../MPI-Sintel-complete/training/final/shaman_3/frame_0001.png  ../../MPI-Sintel-complete/training/final/shaman_3/frame_0002.png  ../../MPI-Sintel-complete/training/flow/shaman_3/frame_0001.flo  ../../MPI-Sintel-complete/training/final/shaman_3/frame_0021.png  ../../MPI-Sintel-complete/training/final/shaman_3/frame_0022.png  ../../MPI-Sintel-complete/training/flow/shaman_3/frame_0021.flo  ../../MPI-Sintel-complete/training/final/shaman_3/frame_0041.png  ../../MPI-Sintel-complete/training/final/shaman_3/frame_0042.png  ../../MPI-Sintel-complete/training/flow/shaman_3/frame_0041.flo  ../../MPI-Sintel-complete/training/final/sleeping_1/frame_0001.png  ../../MPI-Sintel-complete/training/final/sleeping_1/frame_0002.png  ../../MPI-Sintel-complete/training/flow/sleeping_1/frame_0001.flo  ../../MPI-Sintel-complete/training/final/sleeping_1/frame_0021.png  ../../MPI-Sintel-complete/training/final/sleeping_1/frame_0022.png  ../../MPI-Sintel-complete/training/flow/sleeping_1/frame_0021.flo  ../../MPI-Sintel-complete/training/final/sleeping_1/frame_0041.png  ../../MPI-Sintel-complete/training/final/sleeping_1/frame_0042.png  ../../MPI-Sintel-complete/training/flow/sleeping_1/frame_0041.flo  ../../MPI-Sintel-complete/training/final/sleeping_2/frame_0001.png  ../../MPI-Sintel-complete/training/final/sleeping_2/frame_0002.png  ../../MPI-Sintel-complete/training/flow/sleeping_2/frame_0001.flo  ../../MPI-Sintel-complete/training/final/sleeping_2/frame_0021.png  ../../MPI-Sintel-complete/training/final/sleeping_2/frame_0022.png  ../../MPI-Sintel-complete/training/flow/sleeping_2/frame_0021.flo  ../../MPI-Sintel-complete/training/final/sleeping_2/frame_0041.png  ../../MPI-Sintel-complete/training/final/sleeping_2/frame_0042.png  ../../MPI-Sintel-complete/training/flow/sleeping_2/frame_0041.flo  ../../MPI-Sintel-complete/training/final/temple_2/frame_0001.png  ../../MPI-Sintel-complete/training/final/temple_2/frame_0002.png  ../../MPI-Sintel-complete/training/flow/temple_2/frame_0001.flo  ../../MPI-Sintel-complete/training/final/temple_2/frame_0021.png  ../../MPI-Sintel-complete/training/final/temple_2/frame_0022.png  ../../MPI-Sintel-complete/training/flow/temple_2/frame_0021.flo  ../../MPI-Sintel-complete/training/final/temple_2/frame_0041.png  ../../MPI-Sintel-complete/training/final/temple_2/frame_0042.png  ../../MPI-Sintel-complete/training/flow/temple_2/frame_0041.flo  ../../MPI-Sintel-complete/training/final/temple_3/frame_0001.png  ../../MPI-Sintel-complete/training/final/temple_3/frame_0002.png  ../../MPI-Sintel-complete/training/flow/temple_3/frame_0001.flo  ../../MPI-Sintel-complete/training/final/temple_3/frame_0021.png  ../../MPI-Sintel-complete/training/final/temple_3/frame_0022.png  ../../MPI-Sintel-complete/training/flow/temple_3/frame_0021.flo  ../../MPI-Sintel-complete/training/final/temple_3/frame_0041.png  ../../MPI-Sintel-complete/training/final/temple_3/frame_0042.png  ../../MPI-Sintel-complete/training/flow/temple_3/frame_0041.flo


